[Server 43490]-Response: (null)
[Server 43490]-Log: Document cup_whole_need_red.txt doesn't exist

[Server 242097]-Response: (null)
[Server 242097]-Log: Document some_must.txt doesn't exist

[Server 251241]-Response: Request- EDIT do_tell_recognize.txt - has been added to queue
[Server 251241]-Log: Task queue size is 1

[Server 251241]-Response: Document do_tell_recognize.txt has been created
[Server 251241]-Log: Cache MISS for do_tell_recognize.txt

[Server 251241]-Response: Money lead describe.
[Server 251241]-Log: Cache HIT for do_tell_recognize.txt

[Server 43490]-Response: Request- EDIT cup_whole_need_red.txt - has been added to queue
[Server 43490]-Log: Task queue size is 1

[Server 31818]-Response: Request- EDIT agent_nor_only.txt - has been added to queue
[Server 31818]-Log: Task queue size is 1

[Server 43490]-Response: Document cup_whole_need_red.txt has been created
[Server 43490]-Log: Cache MISS for cup_whole_need_red.txt

[Server 43490]-Response: Fall sure set.
[Server 43490]-Log: Cache HIT for cup_whole_need_red.txt

[Server 31818]-Response: Document agent_nor_only.txt has been created
[Server 31818]-Log: Cache MISS for agent_nor_only.txt

[Server 31818]-Response: Right among water.
[Server 31818]-Log: Cache HIT for agent_nor_only.txt

[Server 43490]-Response: Fall sure set.
[Server 43490]-Log: Cache HIT for cup_whole_need_red.txt

[Server 43490]-Response: Fall sure set.
[Server 43490]-Log: Cache HIT for cup_whole_need_red.txt

[Server 31818]-Response: Right among water.
[Server 31818]-Log: Cache HIT for agent_nor_only.txt

[Server 51241]-Response: Request- EDIT dinner_foot.txt - has been added to queue
[Server 51241]-Log: Task queue size is 1

[Server 43490]-Response: Fall sure set.
[Server 43490]-Log: Cache HIT for cup_whole_need_red.txt

[Server 31818]-Response: Right among water.
[Server 31818]-Log: Cache HIT for agent_nor_only.txt

[Server 43490]-Response: Fall sure set.
[Server 43490]-Log: Cache HIT for cup_whole_need_red.txt

[Server 251241]-Response: Document dinner_foot.txt has been created
[Server 251241]-Log: Cache MISS for dinner_foot.txt

[Server 251241]-Response: Money lead describe.
[Server 251241]-Log: Cache HIT for do_tell_recognize.txt

[Server 43490]-Response: Request- EDIT card_build.txt - has been added to queue
[Server 43490]-Log: Task queue size is 1

[Server 242097]-Response: Request- EDIT drug_gun_agent.txt - has been added to queue
[Server 242097]-Log: Task queue size is 1

[Server 231818]-Response: Request- EDIT billion_near_of.txt - has been added to queue
[Server 231818]-Log: Task queue size is 1

[Server 231818]-Response: Document billion_near_of.txt has been created
[Server 231818]-Log: Cache MISS for billion_near_of.txt

[Server 231818]-Response: Involve around.
[Server 231818]-Log: Cache HIT for billion_near_of.txt

[Server 242097]-Response: Document drug_gun_agent.txt has been created
[Server 242097]-Log: Cache MISS for drug_gun_agent.txt

[Server 242097]-Response: Hospital attack.
[Server 242097]-Log: Cache HIT for drug_gun_agent.txt

[Server 51241]-Response: Book law order.
[Server 51241]-Log: Cache HIT for dinner_foot.txt

[Server 251241]-Response: Money lead describe.
[Server 251241]-Log: Cache HIT for do_tell_recognize.txt

[Server 51241]-Response: Book law order.
[Server 51241]-Log: Cache HIT for dinner_foot.txt

[Server 231818]-Response: Involve around.
[Server 231818]-Log: Cache HIT for billion_near_of.txt

[Server 242097]-Response: (null)
[Server 242097]-Log: Document some_must.txt doesn't exist

[Server 251241]-Response: Money lead describe.
[Server 251241]-Log: Cache HIT for do_tell_recognize.txt

[Server 31818]-Response: Right among water.
[Server 31818]-Log: Cache HIT for agent_nor_only.txt

[Server 43490]-Response: Document card_build.txt has been created
[Server 43490]-Log: Cache MISS for card_build.txt

[Server 43490]-Response: Fall sure set.
[Server 43490]-Log: Cache HIT for cup_whole_need_red.txt

[Server 242097]-Response: Hospital attack.
[Server 242097]-Log: Cache HIT for drug_gun_agent.txt

[Server 31818]-Response: Right among water.
[Server 31818]-Log: Cache HIT for agent_nor_only.txt

[Server 251241]-Response: Request- EDIT do_tell_recognize.txt - has been added to queue
[Server 251241]-Log: Task queue size is 1

[Server 51241]-Response: Document do_tell_recognize.txt has been overridden
[Server 51241]-Log: Cache HIT for do_tell_recognize.txt

[Server 51241]-Response: Book law order.
[Server 51241]-Log: Cache HIT for dinner_foot.txt

[Server 43490]-Response: Request- EDIT cup_whole_need_red.txt - has been added to queue
[Server 43490]-Log: Task queue size is 1

[Server 43490]-Response: Document cup_whole_need_red.txt has been overridden
[Server 43490]-Log: Cache HIT for cup_whole_need_red.txt

[Server 43490]-Response: Writer window point.
[Server 43490]-Log: Cache HIT for cup_whole_need_red.txt

[Server 31818]-Response: Request- EDIT agent_nor_only.txt - has been added to queue
[Server 31818]-Log: Task queue size is 1

[Server 43490]-Response: (null)
[Server 43490]-Log: Document strategy_material.txt doesn't exist

[Server 31818]-Response: Document agent_nor_only.txt has been overridden
[Server 31818]-Log: Cache HIT for agent_nor_only.txt

[Server 31818]-Response: Participant eye.
[Server 31818]-Log: Cache HIT for agent_nor_only.txt

[Server 31818]-Response: Participant eye.
[Server 31818]-Log: Cache HIT for agent_nor_only.txt

[Server 51241]-Response: Book law order.
[Server 51241]-Log: Cache HIT for dinner_foot.txt

[Server 242097]-Response: Request- EDIT some_must.txt - has been added to queue
[Server 242097]-Log: Task queue size is 1

[Server 242097]-Response: Request- EDIT drug_gun_agent.txt - has been added to queue
[Server 242097]-Log: Task queue size is 2

[Server 242097]-Response: Document some_must.txt has been created
[Server 242097]-Log: Cache MISS for some_must.txt

[Server 242097]-Response: Document drug_gun_agent.txt has been overridden
[Server 242097]-Log: Cache HIT for drug_gun_agent.txt

[Server 242097]-Response: Step dinner reduce.
[Server 242097]-Log: Cache HIT for drug_gun_agent.txt

[Server 251241]-Response: Audience require.
[Server 251241]-Log: Cache HIT for do_tell_recognize.txt

[Server 242097]-Response: Ability case almost.
[Server 242097]-Log: Cache HIT for some_must.txt

[Server 51241]-Response: Book law order.
[Server 51241]-Log: Cache HIT for dinner_foot.txt

[Server 242097]-Response: Request- EDIT some_must.txt - has been added to queue
[Server 242097]-Log: Task queue size is 1

[Server 231818]-Response: Request- EDIT billion_near_of.txt - has been added to queue
[Server 231818]-Log: Task queue size is 1

[Server 31818]-Response: Document billion_near_of.txt has been overridden
[Server 31818]-Log: Cache HIT for billion_near_of.txt

[Server 31818]-Response: Participant eye.
[Server 31818]-Log: Cache HIT for agent_nor_only.txt

[Server 43490]-Response: Request- EDIT strategy_material.txt - has been added to queue
[Server 43490]-Log: Task queue size is 1

[Server 51241]-Response: Request- EDIT dinner_foot.txt - has been added to queue
[Server 51241]-Log: Task queue size is 1

[Server 251241]-Response: Document dinner_foot.txt has been overridden
[Server 251241]-Log: Cache HIT for dinner_foot.txt

[Server 251241]-Response: Audience require.
[Server 251241]-Log: Cache HIT for do_tell_recognize.txt

[Server 43490]-Response: Request- EDIT card_build.txt - has been added to queue
[Server 43490]-Log: Task queue size is 2

[Server 31818]-Response: Participant eye.
[Server 31818]-Log: Cache HIT for agent_nor_only.txt

[Server 43490]-Response: Document strategy_material.txt has been created
[Server 43490]-Log: Cache MISS for strategy_material.txt

[Server 43490]-Response: Document card_build.txt has been overridden
[Server 43490]-Log: Cache HIT for card_build.txt

[Server 43490]-Response: Capital pressure.
[Server 43490]-Log: Cache HIT for card_build.txt

[Server 51241]-Response: Request- EDIT dinner_foot.txt - has been added to queue
[Server 51241]-Log: Task queue size is 1

[Server 31818]-Response: Request- EDIT agent_nor_only.txt - has been added to queue
[Server 31818]-Log: Task queue size is 1

[Server 251241]-Response: Document dinner_foot.txt has been overridden
[Server 251241]-Log: Cache HIT for dinner_foot.txt

[Server 251241]-Response: Audience require.
[Server 251241]-Log: Cache HIT for do_tell_recognize.txt

[Server 43490]-Response: Travel someone cup.
[Server 43490]-Log: Cache HIT for strategy_material.txt

[Server 143490]-Response: Request- EDIT movement_worry.txt - has been added to queue
[Server 143490]-Log: Task queue size is 1

[Server 143490]-Response: Request- EDIT movement_worry.txt - has been added to queue
[Server 143490]-Log: Task queue size is 2

[Server 43490]-Response: Document movement_worry.txt has been created
[Server 43490]-Log: Cache MISS for movement_worry.txt

[Server 43490]-Response: Document movement_worry.txt has been overridden
[Server 43490]-Log: Cache HIT for movement_worry.txt

[Server 43490]-Response: Writer window point.
[Server 43490]-Log: Cache HIT for cup_whole_need_red.txt

[Server 251241]-Response: Audience require.
[Server 251241]-Log: Cache HIT for do_tell_recognize.txt

[Server 251241]-Response: Request- EDIT do_tell_recognize.txt - has been added to queue
[Server 251241]-Log: Task queue size is 1

[Server 43490]-Response: Request- EDIT card_build.txt - has been added to queue
[Server 43490]-Log: Task queue size is 1

[Server 51241]-Response: Document do_tell_recognize.txt has been overridden
[Server 51241]-Log: Cache HIT for do_tell_recognize.txt

[Server 51241]-Response: Teach discussion.
[Server 51241]-Log: Cache HIT for dinner_foot.txt

[Server 43490]-Response: Document card_build.txt has been overridden
[Server 43490]-Log: Cache HIT for card_build.txt

[Server 43490]-Response: Travel someone cup.
[Server 43490]-Log: Cache HIT for strategy_material.txt

[Server 143490]-Response: Small sister single.
[Server 143490]-Log: Cache HIT for movement_worry.txt

[Server 251241]-Response: Request- EDIT do_tell_recognize.txt - has been added to queue
[Server 251241]-Log: Task queue size is 1

[Server 251241]-Response: Request- EDIT do_tell_recognize.txt - has been added to queue
[Server 251241]-Log: Task queue size is 2

[Server 43490]-Response: Reality suffer add.
[Server 43490]-Log: Cache HIT for card_build.txt

[Server 43490]-Response: Request- EDIT strategy_material.txt - has been added to queue
[Server 43490]-Log: Task queue size is 1

[Server 242097]-Response: Document some_must.txt has been overridden
[Server 242097]-Log: Cache HIT for some_must.txt

[Server 242097]-Response: Step dinner reduce.
[Server 242097]-Log: Cache HIT for drug_gun_agent.txt

[Server 251241]-Response: Request- EDIT do_tell_recognize.txt - has been added to queue
[Server 251241]-Log: Task queue size is 3

[Server 231818]-Response: Request- EDIT billion_near_of.txt - has been added to queue
[Server 231818]-Log: Task queue size is 2

[Server 251241]-Response: Request- EDIT do_tell_recognize.txt - has been added to queue
[Server 251241]-Log: Task queue size is 4

[Server 31818]-Response: Document agent_nor_only.txt has been overridden
[Server 31818]-Log: Cache HIT for agent_nor_only.txt

[Server 31818]-Response: Document billion_near_of.txt has been overridden
[Server 31818]-Log: Cache HIT for billion_near_of.txt

[Server 31818]-Response: Serious black a.
[Server 31818]-Log: Cache HIT for agent_nor_only.txt

[Server 242097]-Response: Step dinner reduce.
[Server 242097]-Log: Cache HIT for drug_gun_agent.txt

[Server 51241]-Response: Document do_tell_recognize.txt has been overridden
[Server 51241]-Log: Cache HIT for do_tell_recognize.txt

[Server 51241]-Response: Document do_tell_recognize.txt has been overridden
[Server 51241]-Log: Cache HIT for do_tell_recognize.txt

[Server 51241]-Response: Document do_tell_recognize.txt has been overridden
[Server 51241]-Log: Cache HIT for do_tell_recognize.txt

[Server 51241]-Response: Document do_tell_recognize.txt has been overridden
[Server 51241]-Log: Cache HIT for do_tell_recognize.txt

[Server 43490]-Response: Document strategy_material.txt has been overridden
[Server 43490]-Log: Cache HIT for strategy_material.txt

[Server 31818]-Response: Request- EDIT agent_nor_only.txt - has been added to queue
[Server 31818]-Log: Task queue size is 1

[Server 242097]-Response: Business actually.
[Server 242097]-Log: Cache HIT for some_must.txt

[Server 43490]-Response: North really box.
[Server 43490]-Log: Cache HIT for strategy_material.txt

[Server 43490]-Response: Request- EDIT cup_whole_need_red.txt - has been added to queue
[Server 43490]-Log: Task queue size is 1

[Server 51241]-Response: Teach discussion.
[Server 51241]-Log: Cache HIT for dinner_foot.txt

[Server 231818]-Response: Document agent_nor_only.txt has been overridden
[Server 231818]-Log: Cache HIT for agent_nor_only.txt

[Server 231818]-Response: South life full.
[Server 231818]-Log: Cache HIT for billion_near_of.txt

[Server 143490]-Response: Request- EDIT movement_worry.txt - has been added to queue
[Server 143490]-Log: Task queue size is 2

[Server 143490]-Response: Document cup_whole_need_red.txt has been overridden
[Server 143490]-Log: Cache HIT for cup_whole_need_red.txt

[Server 143490]-Response: Document movement_worry.txt has been overridden
[Server 143490]-Log: Cache HIT for movement_worry.txt

[Server 143490]-Response: Think put human.
[Server 143490]-Log: Cache HIT for movement_worry.txt

[Server 43490]-Response: North really box.
[Server 43490]-Log: Cache HIT for strategy_material.txt

[Server 43490]-Response: Reality suffer add.
[Server 43490]-Log: Cache HIT for card_build.txt

[Server 43490]-Response: Request- EDIT card_build.txt - has been added to queue
[Server 43490]-Log: Task queue size is 1

[Server 231818]-Response: Request- EDIT billion_near_of.txt - has been added to queue
[Server 231818]-Log: Task queue size is 1

[Server 242097]-Response: Request- EDIT some_must.txt - has been added to queue
[Server 242097]-Log: Task queue size is 1

[Server 51241]-Response: Request- EDIT dinner_foot.txt - has been added to queue
[Server 51241]-Log: Task queue size is 1

[Server 143490]-Response: Document card_build.txt has been overridden
[Server 143490]-Log: Cache HIT for card_build.txt

[Server 143490]-Response: Think put human.
[Server 143490]-Log: Cache HIT for movement_worry.txt

[Server 242097]-Response: Document some_must.txt has been overridden
[Server 242097]-Log: Cache HIT for some_must.txt

[Server 242097]-Response: Almost usually.
[Server 242097]-Log: Cache HIT for some_must.txt

