[Server 27290]-Response: (null)
[Server 27290]-Log: Document style_thought.txt doesn't exist

[Server 27290]-Response: (null)
[Server 27290]-Log: Document style_thought.txt doesn't exist

[Server 4463]-Response: Request- EDIT near_occur.txt - has been added to queue
[Server 4463]-Log: Task queue size is 1

[Server 4463]-Response: Document near_occur.txt has been created
[Server 4463]-Log: Cache MISS for near_occur.txt

[Server 4463]-Response: Among early often.
[Server 4463]-Log: Cache HIT for near_occur.txt

[Server 4463]-Response: Among early often.
[Server 4463]-Log: Cache HIT for near_occur.txt

[Server 4463]-Response: Among early often.
[Server 4463]-Log: Cache HIT for near_occur.txt

[Server 4463]-Response: Among early often.
[Server 4463]-Log: Cache HIT for near_occur.txt

[Server 4463]-Response: Among early often.
[Server 4463]-Log: Cache HIT for near_occur.txt

[Server 35147]-Response: Request- EDIT mission_consider.txt - has been added to queue
[Server 35147]-Log: Task queue size is 1

[Server 35147]-Response: Document mission_consider.txt has been created
[Server 35147]-Log: Cache MISS for mission_consider.txt

[Server 35147]-Response: Expert each well.
[Server 35147]-Log: Cache HIT for mission_consider.txt

[Server 35147]-Response: Expert each well.
[Server 35147]-Log: Cache HIT for mission_consider.txt

[Server 27290]-Response: (null)
[Server 27290]-Log: Document hour_fund.txt doesn't exist

[Server 35147]-Response: Expert each well.
[Server 35147]-Log: Cache HIT for mission_consider.txt

[Server 4463]-Response: Request- EDIT near_occur.txt - has been added to queue
[Server 4463]-Log: Task queue size is 1

[Server 35147]-Response: Expert each well.
[Server 35147]-Log: Cache HIT for mission_consider.txt

[Server 35147]-Response: Request- EDIT mission_consider.txt - has been added to queue
[Server 35147]-Log: Task queue size is 1

[Server 80678]-Response: (null)
[Server 80678]-Log: Document reach_year.txt doesn't exist

[Server 4463]-Response: Document near_occur.txt has been overridden
[Server 4463]-Log: Cache HIT for near_occur.txt

[Server 4463]-Response: Suddenly general.
[Server 4463]-Log: Cache HIT for near_occur.txt

[Server 35147]-Response: Document mission_consider.txt has been overridden
[Server 35147]-Log: Cache HIT for mission_consider.txt

[Server 35147]-Response: Last consider.
[Server 35147]-Log: Cache HIT for mission_consider.txt

[Server 35147]-Response: Request- EDIT week_property.txt - has been added to queue
[Server 35147]-Log: Task queue size is 1

[Server 35147]-Response: Document week_property.txt has been created
[Server 35147]-Log: Cache MISS for week_property.txt

[Server 35147]-Response: Pressure others.
[Server 35147]-Log: Cache HIT for week_property.txt

[Server 35147]-Response: Request- EDIT special_maybe.txt - has been added to queue
[Server 35147]-Log: Task queue size is 1

[Server 4463]-Response: Suddenly general.
[Server 4463]-Log: Cache HIT for near_occur.txt

[Server 80678]-Response: Request- EDIT now_attention.txt - has been added to queue
[Server 80678]-Log: Task queue size is 1

[Server 35147]-Response: Request- EDIT mission_consider.txt - has been added to queue
[Server 35147]-Log: Task queue size is 2

[Server 4463]-Response: Suddenly general.
[Server 4463]-Log: Cache HIT for near_occur.txt

[Server 80678]-Response: Document now_attention.txt has been created
[Server 80678]-Log: Cache MISS for now_attention.txt

[Server 80678]-Response: Happen two billion.
[Server 80678]-Log: Cache HIT for now_attention.txt

[Server 35147]-Response: Document special_maybe.txt has been created
[Server 35147]-Log: Cache MISS for special_maybe.txt

[Server 35147]-Response: Document mission_consider.txt has been overridden
[Server 35147]-Log: Cache HIT for mission_consider.txt

[Server 35147]-Response: Pressure others.
[Server 35147]-Log: Cache HIT for week_property.txt

[Server 35147]-Response: Request- EDIT special_maybe.txt - has been added to queue
[Server 35147]-Log: Task queue size is 1

[Server 35147]-Response: Document special_maybe.txt has been overridden
[Server 35147]-Log: Cache HIT for special_maybe.txt

[Server 35147]-Response: Total approach.
[Server 35147]-Log: Cache HIT for mission_consider.txt

[Server 80678]-Response: Happen two billion.
[Server 80678]-Log: Cache HIT for now_attention.txt

[Server 35147]-Response: Request- EDIT mission_consider.txt - has been added to queue
[Server 35147]-Log: Task queue size is 1

[Server 4463]-Response: Request- EDIT near_occur.txt - has been added to queue
[Server 4463]-Log: Task queue size is 1

[Server 35147]-Response: Document mission_consider.txt has been overridden
[Server 35147]-Log: Cache HIT for mission_consider.txt

[Server 35147]-Response: Far sit.
[Server 35147]-Log: Cache HIT for special_maybe.txt

[Server 4463]-Response: Document near_occur.txt has been overridden
[Server 4463]-Log: Cache HIT for near_occur.txt

[Server 4463]-Response: Music degree.
[Server 4463]-Log: Cache HIT for near_occur.txt

[Server 80678]-Response: Happen two billion.
[Server 80678]-Log: Cache HIT for now_attention.txt

[Server 80678]-Response: Request- EDIT state_magazine.txt - has been added to queue
[Server 80678]-Log: Task queue size is 1

[Server 80678]-Response: Document state_magazine.txt has been created
[Server 80678]-Log: Cache MISS for state_magazine.txt

[Server 80678]-Response: Happen two billion.
[Server 80678]-Log: Cache HIT for now_attention.txt

[Server 35147]-Response: Request- EDIT week_property.txt - has been added to queue
[Server 35147]-Log: Task queue size is 1

[Server 35147]-Response: Request- EDIT special_maybe.txt - has been added to queue
[Server 35147]-Log: Task queue size is 2

[Server 35147]-Response: Document week_property.txt has been overridden
[Server 35147]-Log: Cache HIT for week_property.txt

[Server 35147]-Response: Document special_maybe.txt has been overridden
[Server 35147]-Log: Cache HIT for special_maybe.txt

[Server 35147]-Response: Interview create.
[Server 35147]-Log: Cache HIT for week_property.txt

[Server 35147]-Response: Interview create.
[Server 35147]-Log: Cache HIT for week_property.txt

[Server 4463]-Response: Request- EDIT near_occur.txt - has been added to queue
[Server 4463]-Log: Task queue size is 1

[Server 35147]-Response: Interview create.
[Server 35147]-Log: Cache HIT for week_property.txt

[Server 4463]-Response: Document near_occur.txt has been overridden
[Server 4463]-Log: Cache HIT for near_occur.txt

[Server 4463]-Response: Part trip notice.
[Server 4463]-Log: Cache HIT for near_occur.txt

[Server 4463]-Response: Request- EDIT near_occur.txt - has been added to queue
[Server 4463]-Log: Task queue size is 1

[Server 27290]-Response: Request- EDIT style_thought.txt - has been added to queue
[Server 27290]-Log: Task queue size is 1

[Server 80678]-Response: Letter bar however.
[Server 80678]-Log: Cache HIT for state_magazine.txt

[Server 35147]-Response: Request- EDIT week_property.txt - has been added to queue
[Server 35147]-Log: Task queue size is 1

[Server 35147]-Response: Document week_property.txt has been overridden
[Server 35147]-Log: Cache HIT for week_property.txt

[Server 35147]-Response: Firm national child.
[Server 35147]-Log: Cache HIT for special_maybe.txt

[Server 27290]-Response: Document style_thought.txt has been created
[Server 27290]-Log: Cache MISS for style_thought.txt

[Server 27290]-Response: Artist every.
[Server 27290]-Log: Cache HIT for style_thought.txt

[Server 4463]-Response: Request- EDIT near_occur.txt - has been added to queue
[Server 4463]-Log: Task queue size is 2

[Server 80678]-Response: Request- EDIT now_attention.txt - has been added to queue
[Server 80678]-Log: Task queue size is 1

[Server 4463]-Response: Document near_occur.txt has been overridden
[Server 4463]-Log: Cache HIT for near_occur.txt

[Server 4463]-Response: Document near_occur.txt has been overridden
[Server 4463]-Log: Cache HIT for near_occur.txt

[Server 4463]-Response: Far us garden throw.
[Server 4463]-Log: Cache HIT for near_occur.txt

[Server 35147]-Response: Loss whether eye.
[Server 35147]-Log: Cache HIT for week_property.txt

[Server 80678]-Response: Document now_attention.txt has been overridden
[Server 80678]-Log: Cache HIT for now_attention.txt

[Server 80678]-Response: Body physical must.
[Server 80678]-Log: Cache HIT for now_attention.txt

[Server 4463]-Response: Request- EDIT near_occur.txt - has been added to queue
[Server 4463]-Log: Task queue size is 1

[Server 80678]-Response: Letter bar however.
[Server 80678]-Log: Cache HIT for state_magazine.txt

[Server 80678]-Response: Body physical must.
[Server 80678]-Log: Cache HIT for now_attention.txt

[Server 35147]-Response: There maintain case.
[Server 35147]-Log: Cache HIT for mission_consider.txt

[Server 35147]-Response: Request- EDIT week_property.txt - has been added to queue
[Server 35147]-Log: Task queue size is 1

[Server 35147]-Response: Request- EDIT week_property.txt - has been added to queue
[Server 35147]-Log: Task queue size is 2

[Server 35147]-Response: Document week_property.txt has been overridden
[Server 35147]-Log: Cache HIT for week_property.txt

[Server 35147]-Response: Document week_property.txt has been overridden
[Server 35147]-Log: Cache HIT for week_property.txt

[Server 35147]-Response: Firm national child.
[Server 35147]-Log: Cache HIT for special_maybe.txt

[Server 80678]-Response: Letter bar however.
[Server 80678]-Log: Cache HIT for state_magazine.txt

[Server 27290]-Response: Artist every.
[Server 27290]-Log: Cache HIT for style_thought.txt

[Server 35147]-Response: There maintain case.
[Server 35147]-Log: Cache HIT for mission_consider.txt

[Server 80678]-Response: Letter bar however.
[Server 80678]-Log: Cache HIT for state_magazine.txt

[Server 27290]-Response: Artist every.
[Server 27290]-Log: Cache HIT for style_thought.txt

[Server 4463]-Response: Document near_occur.txt has been overridden
[Server 4463]-Log: Cache HIT for near_occur.txt

[Server 4463]-Response: Certain analysis.
[Server 4463]-Log: Cache HIT for near_occur.txt

[Server 35147]-Response: There maintain case.
[Server 35147]-Log: Cache HIT for mission_consider.txt

[Server 80678]-Response: Request- EDIT reach_year.txt - has been added to queue
[Server 80678]-Log: Task queue size is 1

[Server 4463]-Response: Request- EDIT near_occur.txt - has been added to queue
[Server 4463]-Log: Task queue size is 1

[Server 80678]-Response: Document reach_year.txt has been created
[Server 80678]-Log: Cache MISS for reach_year.txt

[Server 80678]-Response: Letter bar however.
[Server 80678]-Log: Cache HIT for state_magazine.txt

[Server 35147]-Response: Request- EDIT special_maybe.txt - has been added to queue
[Server 35147]-Log: Task queue size is 1

[Server 35147]-Response: Document special_maybe.txt has been overridden
[Server 35147]-Log: Cache HIT for special_maybe.txt

[Server 35147]-Response: There maintain case.
[Server 35147]-Log: Cache HIT for mission_consider.txt

[Server 74291]-Response: Request- EDIT expert_claim_our.txt - has been added to queue
[Server 74291]-Log: Task queue size is 1

[Server 80678]-Response: Body physical must.
[Server 80678]-Log: Cache HIT for now_attention.txt

[Server 35147]-Response: So moment reality.
[Server 35147]-Log: Cache HIT for special_maybe.txt

[Server 74291]-Response: Document expert_claim_our.txt has been created
[Server 74291]-Log: Cache MISS for expert_claim_our.txt

[Server 74291]-Response: Recognize.
[Server 74291]-Log: Cache HIT for expert_claim_our.txt

[Server 35147]-Response: Request- EDIT special_maybe.txt - has been added to queue
[Server 35147]-Log: Task queue size is 1

[Server 80678]-Response: Request- EDIT now_attention.txt - has been added to queue
[Server 80678]-Log: Task queue size is 1

[Server 80678]-Response: Document now_attention.txt has been overridden
[Server 80678]-Log: Cache HIT for now_attention.txt

[Server 80678]-Response: Letter bar however.
[Server 80678]-Log: Cache HIT for state_magazine.txt

[Server 27290]-Response: Request- EDIT hour_fund.txt - has been added to queue
[Server 27290]-Log: Task queue size is 1

[Server 80678]-Response: Request- EDIT reach_year.txt - has been added to queue
[Server 80678]-Log: Task queue size is 1

[Server 80678]-Response: Request- EDIT reach_year.txt - has been added to queue
[Server 80678]-Log: Task queue size is 2

[Server 80678]-Response: Document reach_year.txt has been overridden
[Server 80678]-Log: Cache HIT for reach_year.txt

[Server 80678]-Response: Document reach_year.txt has been overridden
[Server 80678]-Log: Cache HIT for reach_year.txt

[Server 80678]-Response: Letter bar however.
[Server 80678]-Log: Cache HIT for state_magazine.txt

[Server 35147]-Response: Request- EDIT mission_consider.txt - has been added to queue
[Server 35147]-Log: Task queue size is 2

[Server 80678]-Response: Tend then ability.
[Server 80678]-Log: Cache HIT for reach_year.txt

[Server 35147]-Response: Document special_maybe.txt has been overridden
[Server 35147]-Log: Cache HIT for special_maybe.txt

[Server 35147]-Response: Document mission_consider.txt has been overridden
[Server 35147]-Log: Cache HIT for mission_consider.txt

[Server 35147]-Response: Party east stand.
[Server 35147]-Log: Cache HIT for special_maybe.txt

[Server 35147]-Response: Party east stand.
[Server 35147]-Log: Cache HIT for special_maybe.txt

[Server 4463]-Response: Request- EDIT near_occur.txt - has been added to queue
[Server 4463]-Log: Task queue size is 2

[Server 35147]-Response: Request- EDIT mission_consider.txt - has been added to queue
[Server 35147]-Log: Task queue size is 1

[Server 27290]-Response: Document hour_fund.txt has been created
[Server 27290]-Log: Cache MISS for hour_fund.txt

[Server 27290]-Response: Particular far see.
[Server 27290]-Log: Cache HIT for hour_fund.txt

[Server 35147]-Response: Document mission_consider.txt has been overridden
[Server 35147]-Log: Cache HIT for mission_consider.txt

[Server 35147]-Response: Party east stand.
[Server 35147]-Log: Cache HIT for special_maybe.txt

[Server 80678]-Response: Request- EDIT now_attention.txt - has been added to queue
[Server 80678]-Log: Task queue size is 1

