[Server 1]-Response: Request- EDIT image_kind_leg.txt - has been added to queue
[Server 1]-Log: Task queue size is 1

[Server 1]-Response: Request- EDIT wish_service.txt - has been added to queue
[Server 1]-Log: Task queue size is 2

[Server 1]-Response: Request- EDIT seem_fund_result.txt - has been added to queue
[Server 1]-Log: Task queue size is 3

[Server 1]-Response: Request- EDIT everyone_quite.txt - has been added to queue
[Server 1]-Log: Task queue size is 4

[Server 1]-Response: Request- EDIT enjoy_film.txt - has been added to queue
[Server 1]-Log: Task queue size is 5

[Server 1]-Response: Request- EDIT three_how_small.txt - has been added to queue
[Server 1]-Log: Task queue size is 6

[Server 1]-Response: Document image_kind_leg.txt has been created
[Server 1]-Log: Cache MISS for image_kind_leg.txt

[Server 1]-Response: Document wish_service.txt has been created
[Server 1]-Log: Cache MISS for wish_service.txt

[Server 1]-Response: Document seem_fund_result.txt has been created
[Server 1]-Log: Cache MISS for seem_fund_result.txt

[Server 1]-Response: Document everyone_quite.txt has been created
[Server 1]-Log: Cache MISS for everyone_quite.txt

[Server 1]-Response: Document enjoy_film.txt has been created
[Server 1]-Log: Cache MISS for enjoy_film.txt

[Server 1]-Response: Document three_how_small.txt has been created
[Server 1]-Log: Cache MISS for three_how_small.txt - cache entry for image_kind_leg.txt has been evicted

[Server 1]-Response: Box understand feel.
[Server 1]-Log: Cache MISS for image_kind_leg.txt - cache entry for wish_service.txt has been evicted

[Server 1]-Response: Mouth attorney.
[Server 1]-Log: Cache MISS for wish_service.txt - cache entry for seem_fund_result.txt has been evicted

[Server 1]-Response: Still spring former.
[Server 1]-Log: Cache MISS for seem_fund_result.txt - cache entry for everyone_quite.txt has been evicted

[Server 1]-Response: Across bank lose.
[Server 1]-Log: Cache MISS for everyone_quite.txt - cache entry for enjoy_film.txt has been evicted

[Server 1]-Response: Its she many.
[Server 1]-Log: Cache MISS for enjoy_film.txt - cache entry for three_how_small.txt has been evicted

[Server 1]-Response: Any against might.
[Server 1]-Log: Cache MISS for three_how_small.txt - cache entry for image_kind_leg.txt has been evicted

